// Jest Snapshot v1, https://jestjs.io/docs/snapshot-testing

exports[`Given the NoiseTrackingItemPlaceholder component should match snapshot 1`] = `
<div
  class="MuiPaper-root MuiPaper-elevation MuiPaper-rounded MuiPaper-elevation1 MuiCard-root css-14mo1kl-MuiPaper-root-MuiCard-root"
  style="--Paper-shadow: 0px 2px 1px -1px rgba(0,0,0,0.2),0px 1px 1px 0px rgba(0,0,0,0.14),0px 1px 3px 0px rgba(0,0,0,0.12);"
>
  <div
    class="MuiCardContent-root css-xx8lhy-MuiCardContent-root"
  >
    <div
      class="css-1bc9qkb"
    >
      <div
        class="css-95h8kp"
      />
      <div
        class="css-1by289z"
      />
    </div>
    <div
      class="css-1q6rlm9"
    />
  </div>
</div>
`;
